[INFO] 2025-04-04T03:36:32.853Z 📦 Starting daily bot log backup task...
[ERROR] 2025-04-04T03:36:33.046Z ❌ Error fetching bot logs: [object Object]
[INFO] 2025-04-04T03:36:33.046Z 🟡 No logs to process or export failed.
[INFO] 2025-04-04T03:40:49.435Z 📦 Starting daily bot log backup task...
[ERROR] 2025-04-04T03:40:49.813Z ❌ Error fetching bot logs: {"code":"PGRST106","details":null,"hint":null,"message":"The schema must be one of the following: api"}
[INFO] 2025-04-04T03:40:49.813Z 🟡 No logs to process or export failed.
[INFO] 2025-04-04T03:48:43.292Z 📦 Starting daily bot log backup task...
[INFO] 2025-04-04T03:48:43.624Z 📦 Exporting 1000 bot logs...
[INFO] 2025-04-04T03:48:43.630Z ✅ Bot logs exported to /tmp/bot_logs_2025-04-04.csv
[INFO] 2025-04-04T03:48:44.879Z ✅ CSV uploaded successfully: https://drive.google.com/file/d/1w5cISO-AjxUbKbHyl7N_bpiRm9FzYxwv/view?usp=drivesdk
[ERROR] 2025-04-04T03:48:45.006Z ❌ Error clearing bot logs: {"code":"22P02","details":null,"hint":null,"message":"invalid input syntax for type uuid: \"0\""}
[ERROR] 2025-04-04T03:48:45.006Z ❌ Failed to clear bot_logs. Skipping file deletion.
[INFO] 2025-04-04T03:51:05.531Z 📦 Starting daily bot log backup task...
[INFO] 2025-04-04T03:51:05.853Z 📦 Exporting 1000 bot logs...
[INFO] 2025-04-04T03:51:05.859Z ✅ Bot logs exported to /tmp/bot_logs_2025-04-04.csv
[INFO] 2025-04-04T03:51:07.129Z ✅ CSV uploaded successfully: https://drive.google.com/file/d/1YDqFAM3DdR_VhQrsksmyDOQ4cmO0RhHf/view?usp=drivesdk
[ERROR] 2025-04-04T03:51:07.254Z ❌ Error clearing bot logs: {"code":"21000","details":null,"hint":null,"message":"DELETE requires a WHERE clause"}
[ERROR] 2025-04-04T03:51:07.254Z ❌ Failed to clear bot_logs. Skipping file deletion.
[INFO] 2025-04-04T03:52:29.820Z 📦 Starting daily bot log backup task...
[INFO] 2025-04-04T03:52:30.139Z 📦 Exporting 1000 bot logs...
[INFO] 2025-04-04T03:52:30.145Z ✅ Bot logs exported to /tmp/bot_logs_2025-04-04.csv
[INFO] 2025-04-04T03:52:31.340Z ✅ CSV uploaded successfully: https://drive.google.com/file/d/1JCe0hpM-LcadjkYhHxGkL5PaO598syQ4/view?usp=drivesdk
[INFO] 2025-04-04T03:52:31.478Z ✅ Supabase bot_logs table cleared.
[INFO] 2025-04-04T03:52:31.478Z 🧹 Temp file deleted: /tmp/bot_logs_2025-04-04.csv
[INFO] 2025-04-04T03:52:31.478Z ✅ Daily bot log backup task completed.
